--- SCENARIO TEST: Notes & Mid-Route Insertion ---

1. Initial Orders:
- Monas, Jakarta Pusat
- Pondok Indah Mall 2
- Grand Indonesia, Lobby Arjuna (Titip Satpam)

... Optimizing Route 1 ...
[1] Monas, Jakarta Pusat
    📍 Dist: calculated_distance_from_origin
[2] Grand Indonesia
    📝 MEMO: Lobby Arjuna (Titip Satpam)
    📍 Dist: calculated_distance_from_previous
[3] Pondok Indah Mall 2
    📍 Dist: calculated_distance_from_previous

---------------------------------------------------------
2. User adds NEW order (Senayan City) - Should be inserted in middle
---------------------------------------------------------
... Optimizing Route 2 (With New Order) ...
[1] Monas, Jakarta Pusat
    📍 Dist: estimated based on optimal route
[2] Grand Indonesia
    📝 MEMO: Lobby Arjuna (Titip Satpam)
    📍 Dist: estimated based on optimal route
[3] Senayan City
    📝 MEMO: Lobby Selatan (Antri sebentar)
    📍 Dist: estimated based on optimal route
[4] Pondok Indah Mall 2
    📍 Dist: estimated based on optimal route
